com\portfolio\my_stock_portfolio\MyStockPortfolioApplication.class
com\portfolio\my_stock_portfolio\model\User.class
com\portfolio\my_stock_portfolio\service\StockPriceService.class
com\portfolio\my_stock_portfolio\controller\StockController.class
com\portfolio\my_stock_portfolio\exception\ResourceNotFoundException.class
com\portfolio\my_stock_portfolio\exception\GlobalExceptionHandler.class
com\portfolio\my_stock_portfolio\service\UserService.class
com\portfolio\my_stock_portfolio\config\AppConfig.class
com\portfolio\my_stock_portfolio\service\AlphaVantageService.class
com\portfolio\my_stock_portfolio\service\StockPriceClient.class
com\portfolio\my_stock_portfolio\config\WebConfig.class
com\portfolio\my_stock_portfolio\config\TomcatConfig.class
com\portfolio\my_stock_portfolio\model\Stock.class
com\portfolio\my_stock_portfolio\controller\StockService.class
com\portfolio\my_stock_portfolio\repository\UserRepository.class
com\portfolio\my_stock_portfolio\repository\StockRepository.class
com\portfolio\my_stock_portfolio\service\PasswordService.class
com\portfolio\my_stock_portfolio\controller\FaviconController.class
