C:\Backend-portfolio\my-stock-portfolio\src\main\java\com\portfolio\my_stock_portfolio\model\User.java
C:\Backend-portfolio\my-stock-portfolio\src\main\java\com\portfolio\my_stock_portfolio\repository\StockRepository.java
C:\Backend-portfolio\my-stock-portfolio\src\main\java\com\portfolio\my_stock_portfolio\repository\UserRepository.java
C:\Backend-portfolio\my-stock-portfolio\src\main\java\com\portfolio\my_stock_portfolio\service\PasswordService.java
C:\Backend-portfolio\my-stock-portfolio\src\main\java\com\portfolio\my_stock_portfolio\service\StockPriceClient.java
C:\Backend-portfolio\my-stock-portfolio\src\main\java\com\portfolio\my_stock_portfolio\service\UserService.java
C:\Backend-portfolio\my-stock-portfolio\src\main\java\com\portfolio\my_stock_portfolio\model\Stock.java
C:\Backend-portfolio\my-stock-portfolio\src\main\java\com\portfolio\my_stock_portfolio\config\WebConfig.java
C:\Backend-portfolio\my-stock-portfolio\src\main\java\com\portfolio\my_stock_portfolio\controller\StockService.java
C:\Backend-portfolio\my-stock-portfolio\src\main\java\com\portfolio\my_stock_portfolio\controller\FaviconController.java
C:\Backend-portfolio\my-stock-portfolio\src\main\java\com\portfolio\my_stock_portfolio\exception\GlobalExceptionHandler.java
C:\Backend-portfolio\my-stock-portfolio\src\main\java\com\portfolio\my_stock_portfolio\config\AppConfig.java
C:\Backend-portfolio\my-stock-portfolio\src\main\java\com\portfolio\my_stock_portfolio\config\TomcatConfig.java
C:\Backend-portfolio\my-stock-portfolio\src\main\java\com\portfolio\my_stock_portfolio\service\StockPriceService.java
C:\Backend-portfolio\my-stock-portfolio\src\main\java\com\portfolio\my_stock_portfolio\service\AlphaVantageService.java
C:\Backend-portfolio\my-stock-portfolio\src\main\java\com\portfolio\my_stock_portfolio\controller\StockController.java
C:\Backend-portfolio\my-stock-portfolio\src\main\java\com\portfolio\my_stock_portfolio\exception\ResourceNotFoundException.java
C:\Backend-portfolio\my-stock-portfolio\src\main\java\com\portfolio\my_stock_portfolio\MyStockPortfolioApplication.java
